Component: ARM Compiler 6.14 Tool: armlink [5db06800]

==============================================================================

Section Cross References

    main.o(.text.main) refers to bsp.o(.text.gpiox_clock_ahb_enable) for gpiox_clock_ahb_enable
    main.o(.text.main) refers to bsp.o(.text.delay) for delay
    main.o(.ARM.exidx.text.main) refers to main.o(.text.main) for [Anonymous Symbol]
    bsp.o(.ARM.exidx.text.delay) refers to bsp.o(.text.delay) for [Anonymous Symbol]
    bsp.o(.ARM.exidx.text.gpiox_clock_ahb_enable) refers to bsp.o(.text.gpiox_clock_ahb_enable) for [Anonymous Symbol]
    startup_tm4c123.o(STACK) refers (Special) to heapauxi.o(.text) for __use_two_region_memory
    startup_tm4c123.o(HEAP) refers (Special) to heapauxi.o(.text) for __use_two_region_memory
    startup_tm4c123.o(RESET) refers (Special) to heapauxi.o(.text) for __use_two_region_memory
    startup_tm4c123.o(RESET) refers to startup_tm4c123.o(STACK) for __initial_sp
    startup_tm4c123.o(RESET) refers to startup_tm4c123.o(.text) for Reset_Handler
    startup_tm4c123.o(.text) refers (Special) to heapauxi.o(.text) for __use_two_region_memory
    startup_tm4c123.o(.text) refers to system_tm4c123.o(.text.SystemInit) for SystemInit
    startup_tm4c123.o(.text) refers to __main.o(!!!main) for __main
    startup_tm4c123.o(.text) refers to startup_tm4c123.o(HEAP) for Heap_Mem
    startup_tm4c123.o(.text) refers to startup_tm4c123.o(STACK) for Stack_Mem
    system_tm4c123.o(.text.SystemCoreClockUpdate) refers to system_tm4c123.o(.text.getOscClk) for getOscClk
    system_tm4c123.o(.text.SystemCoreClockUpdate) refers to system_tm4c123.o(.data.SystemCoreClock) for SystemCoreClock
    system_tm4c123.o(.ARM.exidx.text.SystemCoreClockUpdate) refers to system_tm4c123.o(.text.SystemCoreClockUpdate) for [Anonymous Symbol]
    system_tm4c123.o(.ARM.exidx.text.getOscClk) refers to system_tm4c123.o(.text.getOscClk) for [Anonymous Symbol]
    system_tm4c123.o(.ARM.exidx.text.SystemInit) refers to system_tm4c123.o(.text.SystemInit) for [Anonymous Symbol]
    __main.o(!!!main) refers to __rtentry.o(.ARM.Collect$$rtentry$$00000000) for __rt_entry
    __rtentry.o(.ARM.Collect$$rtentry$$00000000) refers (Special) to __rtentry2.o(.ARM.Collect$$rtentry$$0000000A) for __rt_entry_li
    __rtentry.o(.ARM.Collect$$rtentry$$00000000) refers (Special) to __rtentry2.o(.ARM.Collect$$rtentry$$0000000D) for __rt_entry_main
    __rtentry.o(.ARM.Collect$$rtentry$$00000000) refers (Special) to __rtentry2.o(.ARM.Collect$$rtentry$$0000000C) for __rt_entry_postli_1
    __rtentry.o(.ARM.Collect$$rtentry$$00000000) refers (Special) to __rtentry2.o(.ARM.Collect$$rtentry$$00000009) for __rt_entry_postsh_1
    __rtentry.o(.ARM.Collect$$rtentry$$00000000) refers (Special) to __rtentry2.o(.ARM.Collect$$rtentry$$00000002) for __rt_entry_presh_1
    __rtentry.o(.ARM.Collect$$rtentry$$00000000) refers (Special) to __rtentry4.o(.ARM.Collect$$rtentry$$00000004) for __rt_entry_sh
    __rtentry2.o(.ARM.Collect$$rtentry$$00000008) refers to boardinit2.o(.text) for _platform_post_stackheap_init
    __rtentry2.o(.ARM.Collect$$rtentry$$0000000A) refers to libinit.o(.ARM.Collect$$libinit$$00000000) for __rt_lib_init
    __rtentry2.o(.ARM.Collect$$rtentry$$0000000B) refers to boardinit3.o(.text) for _platform_post_lib_init
    __rtentry2.o(.ARM.Collect$$rtentry$$0000000D) refers to main.o(.text.main) for main
    __rtentry2.o(.ARM.Collect$$rtentry$$0000000D) refers to exit.o(.text) for exit
    __rtentry2.o(.ARM.exidx) refers to __rtentry2.o(.ARM.Collect$$rtentry$$00000001) for .ARM.Collect$$rtentry$$00000001
    __rtentry2.o(.ARM.exidx) refers to __rtentry2.o(.ARM.Collect$$rtentry$$00000008) for .ARM.Collect$$rtentry$$00000008
    __rtentry2.o(.ARM.exidx) refers to __rtentry2.o(.ARM.Collect$$rtentry$$0000000A) for .ARM.Collect$$rtentry$$0000000A
    __rtentry2.o(.ARM.exidx) refers to __rtentry2.o(.ARM.Collect$$rtentry$$0000000B) for .ARM.Collect$$rtentry$$0000000B
    __rtentry2.o(.ARM.exidx) refers to __rtentry2.o(.ARM.Collect$$rtentry$$0000000D) for .ARM.Collect$$rtentry$$0000000D
    __rtentry4.o(.ARM.Collect$$rtentry$$00000004) refers to sys_stackheap_outer.o(.text) for __user_setup_stackheap
    __rtentry4.o(.ARM.exidx) refers to __rtentry4.o(.ARM.Collect$$rtentry$$00000004) for .ARM.Collect$$rtentry$$00000004
    sys_stackheap_outer.o(.text) refers to libspace.o(.text) for __user_perproc_libspace
    sys_stackheap_outer.o(.text) refers to startup_tm4c123.o(.text) for __user_initial_stackheap
    exit.o(.text) refers to rtexit.o(.ARM.Collect$$rtexit$$00000000) for __rt_exit
    libinit.o(.ARM.Collect$$libinit$$00000000) refers (Special) to libinit2.o(.ARM.Collect$$libinit$$0000002E) for __rt_lib_init_alloca_1
    libinit.o(.ARM.Collect$$libinit$$00000000) refers (Special) to libinit2.o(.ARM.Collect$$libinit$$00000027) for __rt_lib_init_argv_1
    libinit.o(.ARM.Collect$$libinit$$00000000) refers (Special) to libinit2.o(.ARM.Collect$$libinit$$0000001B) for __rt_lib_init_atexit_1
    libinit.o(.ARM.Collect$$libinit$$00000000) refers (Special) to libinit2.o(.ARM.Collect$$libinit$$00000021) for __rt_lib_init_clock_1
    libinit.o(.ARM.Collect$$libinit$$00000000) refers (Special) to libinit2.o(.ARM.Collect$$libinit$$00000032) for __rt_lib_init_cpp_1
    libinit.o(.ARM.Collect$$libinit$$00000000) refers (Special) to libinit2.o(.ARM.Collect$$libinit$$00000030) for __rt_lib_init_exceptions_1
    libinit.o(.ARM.Collect$$libinit$$00000000) refers (Special) to libinit2.o(.ARM.Collect$$libinit$$00000001) for __rt_lib_init_fp_1
    libinit.o(.ARM.Collect$$libinit$$00000000) refers (Special) to libinit2.o(.ARM.Collect$$libinit$$0000001F) for __rt_lib_init_fp_trap_1
    libinit.o(.ARM.Collect$$libinit$$00000000) refers (Special) to libinit2.o(.ARM.Collect$$libinit$$00000023) for __rt_lib_init_getenv_1
    libinit.o(.ARM.Collect$$libinit$$00000000) refers (Special) to libinit2.o(.ARM.Collect$$libinit$$0000000A) for __rt_lib_init_heap_1
    libinit.o(.ARM.Collect$$libinit$$00000000) refers (Special) to libinit2.o(.ARM.Collect$$libinit$$00000011) for __rt_lib_init_lc_collate_1
    libinit.o(.ARM.Collect$$libinit$$00000000) refers (Special) to libinit2.o(.ARM.Collect$$libinit$$00000013) for __rt_lib_init_lc_ctype_1
    libinit.o(.ARM.Collect$$libinit$$00000000) refers (Special) to libinit2.o(.ARM.Collect$$libinit$$00000015) for __rt_lib_init_lc_monetary_1
    libinit.o(.ARM.Collect$$libinit$$00000000) refers (Special) to libinit2.o(.ARM.Collect$$libinit$$00000017) for __rt_lib_init_lc_numeric_1
    libinit.o(.ARM.Collect$$libinit$$00000000) refers (Special) to libinit2.o(.ARM.Collect$$libinit$$00000019) for __rt_lib_init_lc_time_1
    libinit.o(.ARM.Collect$$libinit$$00000000) refers (Special) to libinit2.o(.ARM.Collect$$libinit$$00000004) for __rt_lib_init_preinit_1
    libinit.o(.ARM.Collect$$libinit$$00000000) refers (Special) to libinit2.o(.ARM.Collect$$libinit$$0000000E) for __rt_lib_init_rand_1
    libinit.o(.ARM.Collect$$libinit$$00000000) refers (Special) to libinit2.o(.ARM.Collect$$libinit$$00000033) for __rt_lib_init_return
    libinit.o(.ARM.Collect$$libinit$$00000000) refers (Special) to libinit2.o(.ARM.Collect$$libinit$$0000001D) for __rt_lib_init_signal_1
    libinit.o(.ARM.Collect$$libinit$$00000000) refers (Special) to libinit2.o(.ARM.Collect$$libinit$$00000025) for __rt_lib_init_stdio_1
    libinit.o(.ARM.Collect$$libinit$$00000000) refers (Special) to libinit2.o(.ARM.Collect$$libinit$$0000000C) for __rt_lib_init_user_alloc_1
    libspace.o(.text) refers to libspace.o(.bss) for __libspace_start
    rtexit.o(.ARM.Collect$$rtexit$$00000000) refers (Special) to rtexit2.o(.ARM.Collect$$rtexit$$00000004) for __rt_exit_exit
    rtexit.o(.ARM.Collect$$rtexit$$00000000) refers (Special) to rtexit2.o(.ARM.Collect$$rtexit$$00000003) for __rt_exit_ls
    rtexit.o(.ARM.Collect$$rtexit$$00000000) refers (Special) to rtexit2.o(.ARM.Collect$$rtexit$$00000002) for __rt_exit_prels_1
    rtexit.o(.ARM.exidx) refers (Special) to rtexit2.o(.ARM.Collect$$rtexit$$00000004) for __rt_exit_exit
    rtexit.o(.ARM.exidx) refers (Special) to rtexit2.o(.ARM.Collect$$rtexit$$00000003) for __rt_exit_ls
    rtexit.o(.ARM.exidx) refers (Special) to rtexit2.o(.ARM.Collect$$rtexit$$00000002) for __rt_exit_prels_1
    rtexit.o(.ARM.exidx) refers to rtexit.o(.ARM.Collect$$rtexit$$00000000) for .ARM.Collect$$rtexit$$00000000
    libinit2.o(.ARM.Collect$$libinit$$00000001) refers to fpinit.o(x$fpl$fpinit) for _fp_init
    libinit2.o(.ARM.Collect$$libinit$$00000010) refers to libinit2.o(.ARM.Collect$$libinit$$0000000F) for .ARM.Collect$$libinit$$0000000F
    libinit2.o(.ARM.Collect$$libinit$$00000012) refers to libinit2.o(.ARM.Collect$$libinit$$0000000F) for .ARM.Collect$$libinit$$0000000F
    libinit2.o(.ARM.Collect$$libinit$$00000014) refers to libinit2.o(.ARM.Collect$$libinit$$0000000F) for .ARM.Collect$$libinit$$0000000F
    libinit2.o(.ARM.Collect$$libinit$$00000016) refers to libinit2.o(.ARM.Collect$$libinit$$0000000F) for .ARM.Collect$$libinit$$0000000F
    libinit2.o(.ARM.Collect$$libinit$$00000018) refers to libinit2.o(.ARM.Collect$$libinit$$0000000F) for .ARM.Collect$$libinit$$0000000F
    libinit2.o(.ARM.Collect$$libinit$$00000026) refers to argv_veneer.o(.emb_text) for __ARM_argv_veneer
    libinit2.o(.ARM.Collect$$libinit$$00000027) refers to argv_veneer.o(.emb_text) for __ARM_argv_veneer
    rtexit2.o(.ARM.Collect$$rtexit$$00000003) refers to libshutdown.o(.ARM.Collect$$libshutdown$$00000000) for __rt_lib_shutdown
    rtexit2.o(.ARM.Collect$$rtexit$$00000004) refers to sys_exit.o(.text) for _sys_exit
    rtexit2.o(.ARM.exidx) refers to rtexit2.o(.ARM.Collect$$rtexit$$00000001) for .ARM.Collect$$rtexit$$00000001
    rtexit2.o(.ARM.exidx) refers to rtexit2.o(.ARM.Collect$$rtexit$$00000003) for .ARM.Collect$$rtexit$$00000003
    rtexit2.o(.ARM.exidx) refers to rtexit2.o(.ARM.Collect$$rtexit$$00000004) for .ARM.Collect$$rtexit$$00000004
    argv_veneer.o(.emb_text) refers to _get_argv_nomalloc.o(.text) for __ARM_get_argv
    sys_exit.o(.text) refers (Special) to use_no_semi.o(.text) for __I$use$semihosting
    sys_exit.o(.text) refers (Special) to indicate_semi.o(.text) for __semihosting_library_function
    sys_exit_hlt.o(.text) refers (Special) to use_no_semi.o(.text) for __I$use$semihosting
    sys_exit_hlt.o(.text) refers (Special) to indicate_semi.o(.text) for __semihosting_library_function
    _get_argv_nomalloc.o(.text) refers (Special) to hrguard.o(.text) for __heap_region$guard
    _get_argv_nomalloc.o(.text) refers to defsig_rtmem_outer.o(.text) for __rt_SIGRTMEM
    _get_argv_nomalloc.o(.text) refers to sys_command.o(.text) for _sys_command_string
    libshutdown.o(.ARM.Collect$$libshutdown$$00000000) refers (Special) to libshutdown2.o(.ARM.Collect$$libshutdown$$00000002) for __rt_lib_shutdown_cpp_1
    libshutdown.o(.ARM.Collect$$libshutdown$$00000000) refers (Special) to libshutdown2.o(.ARM.Collect$$libshutdown$$00000007) for __rt_lib_shutdown_fp_trap_1
    libshutdown.o(.ARM.Collect$$libshutdown$$00000000) refers (Special) to libshutdown2.o(.ARM.Collect$$libshutdown$$0000000F) for __rt_lib_shutdown_heap_1
    libshutdown.o(.ARM.Collect$$libshutdown$$00000000) refers (Special) to libshutdown2.o(.ARM.Collect$$libshutdown$$00000010) for __rt_lib_shutdown_return
    libshutdown.o(.ARM.Collect$$libshutdown$$00000000) refers (Special) to libshutdown2.o(.ARM.Collect$$libshutdown$$0000000A) for __rt_lib_shutdown_signal_1
    libshutdown.o(.ARM.Collect$$libshutdown$$00000000) refers (Special) to libshutdown2.o(.ARM.Collect$$libshutdown$$00000004) for __rt_lib_shutdown_stdio_1
    libshutdown.o(.ARM.Collect$$libshutdown$$00000000) refers (Special) to libshutdown2.o(.ARM.Collect$$libshutdown$$0000000C) for __rt_lib_shutdown_user_alloc_1
    sys_command.o(.text) refers (Special) to use_no_semi.o(.text) for __I$use$semihosting
    sys_command.o(.text) refers (Special) to indicate_semi.o(.text) for __semihosting_library_function
    sys_command_hlt.o(.text) refers (Special) to use_no_semi.o(.text) for __I$use$semihosting
    sys_command_hlt.o(.text) refers (Special) to indicate_semi.o(.text) for __semihosting_library_function
    defsig_rtmem_outer.o(.text) refers to defsig_rtmem_inner.o(.text) for __rt_SIGRTMEM_inner
    defsig_rtmem_outer.o(.text) refers to defsig_exit.o(.text) for __sig_exit
    defsig_rtmem_formal.o(.text) refers to rt_raise.o(.text) for __rt_raise
    rt_raise.o(.text) refers to __raise.o(.text) for __raise
    rt_raise.o(.text) refers to sys_exit.o(.text) for _sys_exit
    defsig_exit.o(.text) refers to sys_exit.o(.text) for _sys_exit
    defsig_rtmem_inner.o(.text) refers to defsig_general.o(.text) for __default_signal_display
    __raise.o(.text) refers to defsig.o(CL$$defsig) for __default_signal_handler
    defsig_general.o(.text) refers to sys_wrch.o(.text) for _ttywrch
    sys_wrch.o(.text) refers (Special) to use_no_semi.o(.text) for __I$use$semihosting
    sys_wrch.o(.text) refers (Special) to indicate_semi.o(.text) for __semihosting_library_function
    sys_wrch_hlt.o(.text) refers (Special) to use_no_semi.o(.text) for __I$use$semihosting
    sys_wrch_hlt.o(.text) refers (Special) to indicate_semi.o(.text) for __semihosting_library_function
    defsig.o(CL$$defsig) refers to defsig_rtmem_inner.o(.text) for __rt_SIGRTMEM_inner
    defsig_abrt_inner.o(.text) refers to defsig_general.o(.text) for __default_signal_display
    defsig_fpe_inner.o(.text) refers to defsig_general.o(.text) for __default_signal_display
    defsig_rtred_inner.o(.text) refers to defsig_general.o(.text) for __default_signal_display
    defsig_stak_inner.o(.text) refers to defsig_general.o(.text) for __default_signal_display
    defsig_pvfn_inner.o(.text) refers to defsig_general.o(.text) for __default_signal_display
    defsig_cppl_inner.o(.text) refers to defsig_general.o(.text) for __default_signal_display
    defsig_segv_inner.o(.text) refers to defsig_general.o(.text) for __default_signal_display
    defsig_other.o(.text) refers to defsig_general.o(.text) for __default_signal_display


==============================================================================

Removing Unused input sections from the image.

    Removing main.o(.text), (0 bytes).
    Removing main.o(.ARM.exidx.text.main), (8 bytes).
    Removing bsp.o(.text), (0 bytes).
    Removing bsp.o(.ARM.exidx.text.delay), (8 bytes).
    Removing bsp.o(.ARM.exidx.text.gpiox_clock_ahb_enable), (8 bytes).
    Removing system_tm4c123.o(.text), (0 bytes).
    Removing system_tm4c123.o(.text.SystemCoreClockUpdate), (332 bytes).
    Removing system_tm4c123.o(.ARM.exidx.text.SystemCoreClockUpdate), (8 bytes).
    Removing system_tm4c123.o(.text.getOscClk), (360 bytes).
    Removing system_tm4c123.o(.ARM.exidx.text.getOscClk), (8 bytes).
    Removing system_tm4c123.o(.ARM.exidx.text.SystemInit), (8 bytes).
    Removing system_tm4c123.o(.data.SystemCoreClock), (4 bytes).

12 unused section(s) (total 744 bytes) removed from the image.

==============================================================================

Image Symbol Table

    Local Symbols

    Symbol Name                              Value     Ov Type        Size  Object(Section)

    ../clib/angel/boardlib.s                 0x00000000   Number         0  boardinit1.o ABSOLUTE
    ../clib/angel/boardlib.s                 0x00000000   Number         0  boardinit2.o ABSOLUTE
    ../clib/angel/boardlib.s                 0x00000000   Number         0  boardinit3.o ABSOLUTE
    ../clib/angel/boardlib.s                 0x00000000   Number         0  boardshut.o ABSOLUTE
    ../clib/angel/handlers.s                 0x00000000   Number         0  __scatter_zi.o ABSOLUTE
    ../clib/angel/kernel.s                   0x00000000   Number         0  __rtentry.o ABSOLUTE
    ../clib/angel/kernel.s                   0x00000000   Number         0  __rtentry2.o ABSOLUTE
    ../clib/angel/kernel.s                   0x00000000   Number         0  __rtentry4.o ABSOLUTE
    ../clib/angel/kernel.s                   0x00000000   Number         0  rtexit.o ABSOLUTE
    ../clib/angel/kernel.s                   0x00000000   Number         0  rtexit2.o ABSOLUTE
    ../clib/angel/rt.s                       0x00000000   Number         0  rt_raise.o ABSOLUTE
    ../clib/angel/scatter.s                  0x00000000   Number         0  __scatter.o ABSOLUTE
    ../clib/angel/startup.s                  0x00000000   Number         0  __main.o ABSOLUTE
    ../clib/angel/sys.s                      0x00000000   Number         0  sys_stackheap_outer.o ABSOLUTE
    ../clib/angel/sys.s                      0x00000000   Number         0  libspace.o ABSOLUTE
    ../clib/angel/sys.s                      0x00000000   Number         0  use_no_semi.o ABSOLUTE
    ../clib/angel/sys.s                      0x00000000   Number         0  indicate_semi.o ABSOLUTE
    ../clib/angel/sysapp.c                   0x00000000   Number         0  sys_exit.o ABSOLUTE
    ../clib/angel/sysapp.c                   0x00000000   Number         0  sys_exit_hlt.o ABSOLUTE
    ../clib/angel/sysapp.c                   0x00000000   Number         0  sys_command.o ABSOLUTE
    ../clib/angel/sysapp.c                   0x00000000   Number         0  sys_command_hlt.o ABSOLUTE
    ../clib/angel/sysapp.c                   0x00000000   Number         0  sys_wrch.o ABSOLUTE
    ../clib/angel/sysapp.c                   0x00000000   Number         0  sys_wrch_hlt.o ABSOLUTE
    ../clib/armsys.c                         0x00000000   Number         0  argv_veneer.o ABSOLUTE
    ../clib/armsys.c                         0x00000000   Number         0  argv_veneer.o ABSOLUTE
    ../clib/armsys.c                         0x00000000   Number         0  _get_argv_nomalloc.o ABSOLUTE
    ../clib/armsys.c                         0x00000000   Number         0  no_argv.o ABSOLUTE
    ../clib/heapalloc.c                      0x00000000   Number         0  hrguard.o ABSOLUTE
    ../clib/heapaux.c                        0x00000000   Number         0  heapauxi.o ABSOLUTE
    ../clib/libinit.s                        0x00000000   Number         0  libinit.o ABSOLUTE
    ../clib/libinit.s                        0x00000000   Number         0  libinit2.o ABSOLUTE
    ../clib/libinit.s                        0x00000000   Number         0  libshutdown.o ABSOLUTE
    ../clib/libinit.s                        0x00000000   Number         0  libshutdown2.o ABSOLUTE
    ../clib/signal.c                         0x00000000   Number         0  defsig_rtmem_outer.o ABSOLUTE
    ../clib/signal.c                         0x00000000   Number         0  defsig_rtmem_formal.o ABSOLUTE
    ../clib/signal.c                         0x00000000   Number         0  defsig_exit.o ABSOLUTE
    ../clib/signal.c                         0x00000000   Number         0  defsig_rtmem_inner.o ABSOLUTE
    ../clib/signal.c                         0x00000000   Number         0  __raise.o ABSOLUTE
    ../clib/signal.c                         0x00000000   Number         0  defsig_general.o ABSOLUTE
    ../clib/signal.c                         0x00000000   Number         0  defsig_abrt_inner.o ABSOLUTE
    ../clib/signal.c                         0x00000000   Number         0  defsig_fpe_inner.o ABSOLUTE
    ../clib/signal.c                         0x00000000   Number         0  defsig_rtred_inner.o ABSOLUTE
    ../clib/signal.c                         0x00000000   Number         0  defsig_stak_inner.o ABSOLUTE
    ../clib/signal.c                         0x00000000   Number         0  defsig_pvfn_inner.o ABSOLUTE
    ../clib/signal.c                         0x00000000   Number         0  defsig_cppl_inner.o ABSOLUTE
    ../clib/signal.c                         0x00000000   Number         0  defsig_segv_inner.o ABSOLUTE
    ../clib/signal.c                         0x00000000   Number         0  defsig_other.o ABSOLUTE
    ../clib/signal.s                         0x00000000   Number         0  defsig.o ABSOLUTE
    ../clib/stdlib.c                         0x00000000   Number         0  exit.o ABSOLUTE
    ../fplib/fpinit.s                        0x00000000   Number         0  fpinit.o ABSOLUTE
    RTE/Device/TM4C123GH6PM/startup_TM4C123.s 0x00000000   Number         0  startup_tm4c123.o ABSOLUTE
    bsp.c                                    0x00000000   Number         0  bsp.o ABSOLUTE
    dc.s                                     0x00000000   Number         0  dc.o ABSOLUTE
    main.c                                   0x00000000   Number         0  main.o ABSOLUTE
    system_TM4C123.c                         0x00000000   Number         0  system_tm4c123.o ABSOLUTE
    RESET                                    0x00008000   Section      620  startup_tm4c123.o(RESET)
    !!!main                                  0x0000826c   Section        8  __main.o(!!!main)
    !!!scatter                               0x00008274   Section       52  __scatter.o(!!!scatter)
    !!handler_zi                             0x000082a8   Section       28  __scatter_zi.o(!!handler_zi)
    .ARM.Collect$$libinit$$00000000          0x000082c4   Section        2  libinit.o(.ARM.Collect$$libinit$$00000000)
    .ARM.Collect$$libinit$$00000001          0x000082c6   Section        4  libinit2.o(.ARM.Collect$$libinit$$00000001)
    .ARM.Collect$$libinit$$00000004          0x000082ca   Section        0  libinit2.o(.ARM.Collect$$libinit$$00000004)
    .ARM.Collect$$libinit$$0000000A          0x000082ca   Section        0  libinit2.o(.ARM.Collect$$libinit$$0000000A)
    .ARM.Collect$$libinit$$0000000C          0x000082ca   Section        0  libinit2.o(.ARM.Collect$$libinit$$0000000C)
    .ARM.Collect$$libinit$$0000000E          0x000082ca   Section        0  libinit2.o(.ARM.Collect$$libinit$$0000000E)
    .ARM.Collect$$libinit$$00000011          0x000082ca   Section        0  libinit2.o(.ARM.Collect$$libinit$$00000011)
    .ARM.Collect$$libinit$$00000013          0x000082ca   Section        0  libinit2.o(.ARM.Collect$$libinit$$00000013)
    .ARM.Collect$$libinit$$00000015          0x000082ca   Section        0  libinit2.o(.ARM.Collect$$libinit$$00000015)
    .ARM.Collect$$libinit$$00000017          0x000082ca   Section        0  libinit2.o(.ARM.Collect$$libinit$$00000017)
    .ARM.Collect$$libinit$$00000019          0x000082ca   Section        0  libinit2.o(.ARM.Collect$$libinit$$00000019)
    .ARM.Collect$$libinit$$0000001B          0x000082ca   Section        0  libinit2.o(.ARM.Collect$$libinit$$0000001B)
    .ARM.Collect$$libinit$$0000001D          0x000082ca   Section        0  libinit2.o(.ARM.Collect$$libinit$$0000001D)
    .ARM.Collect$$libinit$$0000001F          0x000082ca   Section        0  libinit2.o(.ARM.Collect$$libinit$$0000001F)
    .ARM.Collect$$libinit$$00000021          0x000082ca   Section        0  libinit2.o(.ARM.Collect$$libinit$$00000021)
    .ARM.Collect$$libinit$$00000023          0x000082ca   Section        0  libinit2.o(.ARM.Collect$$libinit$$00000023)
    .ARM.Collect$$libinit$$00000025          0x000082ca   Section        0  libinit2.o(.ARM.Collect$$libinit$$00000025)
    .ARM.Collect$$libinit$$00000027          0x000082ca   Section        8  libinit2.o(.ARM.Collect$$libinit$$00000027)
    .ARM.Collect$$libinit$$0000002E          0x000082d2   Section        0  libinit2.o(.ARM.Collect$$libinit$$0000002E)
    .ARM.Collect$$libinit$$00000030          0x000082d2   Section        0  libinit2.o(.ARM.Collect$$libinit$$00000030)
    .ARM.Collect$$libinit$$00000032          0x000082d2   Section        0  libinit2.o(.ARM.Collect$$libinit$$00000032)
    .ARM.Collect$$libinit$$00000033          0x000082d2   Section        2  libinit2.o(.ARM.Collect$$libinit$$00000033)
    .ARM.Collect$$libshutdown$$00000000      0x000082d4   Section        2  libshutdown.o(.ARM.Collect$$libshutdown$$00000000)
    .ARM.Collect$$libshutdown$$00000002      0x000082d6   Section        0  libshutdown2.o(.ARM.Collect$$libshutdown$$00000002)
    .ARM.Collect$$libshutdown$$00000004      0x000082d6   Section        0  libshutdown2.o(.ARM.Collect$$libshutdown$$00000004)
    .ARM.Collect$$libshutdown$$00000007      0x000082d6   Section        0  libshutdown2.o(.ARM.Collect$$libshutdown$$00000007)
    .ARM.Collect$$libshutdown$$0000000A      0x000082d6   Section        0  libshutdown2.o(.ARM.Collect$$libshutdown$$0000000A)
    .ARM.Collect$$libshutdown$$0000000C      0x000082d6   Section        0  libshutdown2.o(.ARM.Collect$$libshutdown$$0000000C)
    .ARM.Collect$$libshutdown$$0000000F      0x000082d6   Section        0  libshutdown2.o(.ARM.Collect$$libshutdown$$0000000F)
    .ARM.Collect$$libshutdown$$00000010      0x000082d6   Section        2  libshutdown2.o(.ARM.Collect$$libshutdown$$00000010)
    .ARM.Collect$$rtentry$$00000000          0x000082d8   Section        0  __rtentry.o(.ARM.Collect$$rtentry$$00000000)
    .ARM.Collect$$rtentry$$00000002          0x000082d8   Section        0  __rtentry2.o(.ARM.Collect$$rtentry$$00000002)
    .ARM.Collect$$rtentry$$00000004          0x000082d8   Section        6  __rtentry4.o(.ARM.Collect$$rtentry$$00000004)
    .ARM.Collect$$rtentry$$00000009          0x000082de   Section        0  __rtentry2.o(.ARM.Collect$$rtentry$$00000009)
    .ARM.Collect$$rtentry$$0000000A          0x000082de   Section        4  __rtentry2.o(.ARM.Collect$$rtentry$$0000000A)
    .ARM.Collect$$rtentry$$0000000C          0x000082e2   Section        0  __rtentry2.o(.ARM.Collect$$rtentry$$0000000C)
    .ARM.Collect$$rtentry$$0000000D          0x000082e2   Section        8  __rtentry2.o(.ARM.Collect$$rtentry$$0000000D)
    .ARM.Collect$$rtexit$$00000000           0x000082ea   Section        2  rtexit.o(.ARM.Collect$$rtexit$$00000000)
    .ARM.Collect$$rtexit$$00000002           0x000082ec   Section        0  rtexit2.o(.ARM.Collect$$rtexit$$00000002)
    .ARM.Collect$$rtexit$$00000003           0x000082ec   Section        4  rtexit2.o(.ARM.Collect$$rtexit$$00000003)
    .ARM.Collect$$rtexit$$00000004           0x000082f0   Section        6  rtexit2.o(.ARM.Collect$$rtexit$$00000004)
    .emb_text                                0x000082f8   Section        4  argv_veneer.o(.emb_text)
    $v0                                      0x000082fc   Number         0  startup_tm4c123.o(.text)
    .text                                    0x000082fc   Section      276  startup_tm4c123.o(.text)
    .text                                    0x00008410   Section        0  heapauxi.o(.text)
    .text                                    0x00008416   Section       74  sys_stackheap_outer.o(.text)
    .text                                    0x00008460   Section        0  exit.o(.text)
    .text                                    0x00008474   Section        8  libspace.o(.text)
    .text                                    0x0000847c   Section        0  sys_exit.o(.text)
    .text                                    0x00008488   Section        0  _get_argv_nomalloc.o(.text)
    .text                                    0x000085b6   Section        0  sys_command.o(.text)
    .text                                    0x000085ce   Section        2  use_no_semi.o(.text)
    .text                                    0x000085d0   Section        0  indicate_semi.o(.text)
    .text                                    0x000085d0   Section        0  hrguard.o(.text)
    .text                                    0x000085d4   Section        0  defsig_rtmem_outer.o(.text)
    .text                                    0x000085e2   Section        0  defsig_exit.o(.text)
    .text                                    0x000085ec   Section        0  defsig_rtmem_inner.o(.text)
    .text                                    0x0000863c   Section        0  defsig_general.o(.text)
    .text                                    0x0000866e   Section        0  sys_wrch.o(.text)
    [Anonymous Symbol]                       0x0000867c   Section        0  system_tm4c123.o(.text.SystemInit)
    [Anonymous Symbol]                       0x00008788   Section        0  bsp.o(.text.delay)
    [Anonymous Symbol]                       0x000087ac   Section        0  bsp.o(.text.gpiox_clock_ahb_enable)
    [Anonymous Symbol]                       0x000087dc   Section        0  main.o(.text.main)
    $v0                                      0x000088e8   Number         0  fpinit.o(x$fpl$fpinit)
    x$fpl$fpinit                             0x000088e8   Section       26  fpinit.o(x$fpl$fpinit)
    .bss                                     0x00008918   Section       96  libspace.o(.bss)
    Heap_Mem                                 0x00008978   Data           0  startup_tm4c123.o(HEAP)
    Stack_Mem                                0x00008978   Data         512  startup_tm4c123.o(STACK)
    HEAP                                     0x00008978   Section        0  startup_tm4c123.o(HEAP)
    STACK                                    0x00008978   Section      512  startup_tm4c123.o(STACK)
    __initial_sp                             0x00008b78   Data           0  startup_tm4c123.o(STACK)

    Global Symbols

    Symbol Name                              Value     Ov Type        Size  Object(Section)

    BuildAttributes$$THM_ISAv4$E$P$D$K$B$S$7EM$VFPi3$EXTD16$VFPS$VFMA$PE$A:L22UL41UL21$X:L11$S22US41US21$IEEE1$IW$~IW$USESV6$~STKCKD$USESV7$~SHL$OSPACE$ROPI$EBA8$UX$STANDARDLIB$REQ8$PRES8$EABIv2 0x00000000   Number         0  anon$$obj.o ABSOLUTE
    __ARM_exceptions_init                     - Undefined Weak Reference
    __alloca_initialize                       - Undefined Weak Reference
    __arm_preinit_                            - Undefined Weak Reference
    __cpp_initialize__aeabi_                  - Undefined Weak Reference
    __cxa_finalize                            - Undefined Weak Reference
    __rt_locale                               - Undefined Weak Reference
    __sigvec_lookup                           - Undefined Weak Reference
    _atexit_init                              - Undefined Weak Reference
    _call_atexit_fns                          - Undefined Weak Reference
    _clock_init                               - Undefined Weak Reference
    _fp_trap_init                             - Undefined Weak Reference
    _fp_trap_shutdown                         - Undefined Weak Reference
    _get_lc_collate                           - Undefined Weak Reference
    _get_lc_ctype                             - Undefined Weak Reference
    _get_lc_monetary                          - Undefined Weak Reference
    _get_lc_numeric                           - Undefined Weak Reference
    _get_lc_time                              - Undefined Weak Reference
    _getenv_init                              - Undefined Weak Reference
    _handle_redirection                       - Undefined Weak Reference
    _init_alloc                               - Undefined Weak Reference
    _init_user_alloc                          - Undefined Weak Reference
    _initio                                   - Undefined Weak Reference
    _rand_init                                - Undefined Weak Reference
    _signal_finish                            - Undefined Weak Reference
    _signal_init                              - Undefined Weak Reference
    _terminate_alloc                          - Undefined Weak Reference
    _terminate_user_alloc                     - Undefined Weak Reference
    _terminateio                              - Undefined Weak Reference
    __Vectors_Size                           0x0000026c   Number         0  startup_tm4c123.o ABSOLUTE
    __Vectors                                0x00008000   Data           4  startup_tm4c123.o(RESET)
    __Vectors_End                            0x0000826c   Data           0  startup_tm4c123.o(RESET)
    __main                                   0x0000826d   Thumb Code     8  __main.o(!!!main)
    __scatterload                            0x00008275   Thumb Code     0  __scatter.o(!!!scatter)
    __scatterload_rt2                        0x00008275   Thumb Code    44  __scatter.o(!!!scatter)
    __scatterload_rt2_thumb_only             0x00008275   Thumb Code     0  __scatter.o(!!!scatter)
    __scatterload_null                       0x00008283   Thumb Code     0  __scatter.o(!!!scatter)
    __scatterload_zeroinit                   0x000082a9   Thumb Code    28  __scatter_zi.o(!!handler_zi)
    __rt_lib_init                            0x000082c5   Thumb Code     0  libinit.o(.ARM.Collect$$libinit$$00000000)
    __rt_lib_init_fp_1                       0x000082c7   Thumb Code     0  libinit2.o(.ARM.Collect$$libinit$$00000001)
    __rt_lib_init_argv_1                     0x000082cb   Thumb Code     0  libinit2.o(.ARM.Collect$$libinit$$00000027)
    __rt_lib_init_atexit_1                   0x000082cb   Thumb Code     0  libinit2.o(.ARM.Collect$$libinit$$0000001B)
    __rt_lib_init_clock_1                    0x000082cb   Thumb Code     0  libinit2.o(.ARM.Collect$$libinit$$00000021)
    __rt_lib_init_fp_trap_1                  0x000082cb   Thumb Code     0  libinit2.o(.ARM.Collect$$libinit$$0000001F)
    __rt_lib_init_getenv_1                   0x000082cb   Thumb Code     0  libinit2.o(.ARM.Collect$$libinit$$00000023)
    __rt_lib_init_heap_1                     0x000082cb   Thumb Code     0  libinit2.o(.ARM.Collect$$libinit$$0000000A)
    __rt_lib_init_heapregion_libspace_used   0x000082cb   Thumb Code     0  libinit2.o(.ARM.Collect$$libinit$$00000027)
    __rt_lib_init_lc_collate_1               0x000082cb   Thumb Code     0  libinit2.o(.ARM.Collect$$libinit$$00000011)
    __rt_lib_init_lc_ctype_1                 0x000082cb   Thumb Code     0  libinit2.o(.ARM.Collect$$libinit$$00000013)
    __rt_lib_init_lc_monetary_1              0x000082cb   Thumb Code     0  libinit2.o(.ARM.Collect$$libinit$$00000015)
    __rt_lib_init_lc_numeric_1               0x000082cb   Thumb Code     0  libinit2.o(.ARM.Collect$$libinit$$00000017)
    __rt_lib_init_lc_time_1                  0x000082cb   Thumb Code     0  libinit2.o(.ARM.Collect$$libinit$$00000019)
    __rt_lib_init_preinit_1                  0x000082cb   Thumb Code     0  libinit2.o(.ARM.Collect$$libinit$$00000004)
    __rt_lib_init_rand_1                     0x000082cb   Thumb Code     0  libinit2.o(.ARM.Collect$$libinit$$0000000E)
    __rt_lib_init_signal_1                   0x000082cb   Thumb Code     0  libinit2.o(.ARM.Collect$$libinit$$0000001D)
    __rt_lib_init_stdio_1                    0x000082cb   Thumb Code     0  libinit2.o(.ARM.Collect$$libinit$$00000025)
    __rt_lib_init_user_alloc_1               0x000082cb   Thumb Code     0  libinit2.o(.ARM.Collect$$libinit$$0000000C)
    __rt_lib_init_alloca_1                   0x000082d3   Thumb Code     0  libinit2.o(.ARM.Collect$$libinit$$0000002E)
    __rt_lib_init_cpp_1                      0x000082d3   Thumb Code     0  libinit2.o(.ARM.Collect$$libinit$$00000032)
    __rt_lib_init_exceptions_1               0x000082d3   Thumb Code     0  libinit2.o(.ARM.Collect$$libinit$$00000030)
    __rt_lib_init_return                     0x000082d3   Thumb Code     0  libinit2.o(.ARM.Collect$$libinit$$00000033)
    __rt_lib_shutdown                        0x000082d5   Thumb Code     0  libshutdown.o(.ARM.Collect$$libshutdown$$00000000)
    __rt_lib_shutdown_cpp_1                  0x000082d7   Thumb Code     0  libshutdown2.o(.ARM.Collect$$libshutdown$$00000002)
    __rt_lib_shutdown_fp_trap_1              0x000082d7   Thumb Code     0  libshutdown2.o(.ARM.Collect$$libshutdown$$00000007)
    __rt_lib_shutdown_heap_1                 0x000082d7   Thumb Code     0  libshutdown2.o(.ARM.Collect$$libshutdown$$0000000F)
    __rt_lib_shutdown_return                 0x000082d7   Thumb Code     0  libshutdown2.o(.ARM.Collect$$libshutdown$$00000010)
    __rt_lib_shutdown_signal_1               0x000082d7   Thumb Code     0  libshutdown2.o(.ARM.Collect$$libshutdown$$0000000A)
    __rt_lib_shutdown_stdio_1                0x000082d7   Thumb Code     0  libshutdown2.o(.ARM.Collect$$libshutdown$$00000004)
    __rt_lib_shutdown_user_alloc_1           0x000082d7   Thumb Code     0  libshutdown2.o(.ARM.Collect$$libshutdown$$0000000C)
    __rt_entry                               0x000082d9   Thumb Code     0  __rtentry.o(.ARM.Collect$$rtentry$$00000000)
    __rt_entry_presh_1                       0x000082d9   Thumb Code     0  __rtentry2.o(.ARM.Collect$$rtentry$$00000002)
    __rt_entry_sh                            0x000082d9   Thumb Code     0  __rtentry4.o(.ARM.Collect$$rtentry$$00000004)
    __rt_entry_li                            0x000082df   Thumb Code     0  __rtentry2.o(.ARM.Collect$$rtentry$$0000000A)
    __rt_entry_postsh_1                      0x000082df   Thumb Code     0  __rtentry2.o(.ARM.Collect$$rtentry$$00000009)
    __rt_entry_main                          0x000082e3   Thumb Code     0  __rtentry2.o(.ARM.Collect$$rtentry$$0000000D)
    __rt_entry_postli_1                      0x000082e3   Thumb Code     0  __rtentry2.o(.ARM.Collect$$rtentry$$0000000C)
    __rt_exit                                0x000082eb   Thumb Code     0  rtexit.o(.ARM.Collect$$rtexit$$00000000)
    __rt_exit_ls                             0x000082ed   Thumb Code     0  rtexit2.o(.ARM.Collect$$rtexit$$00000003)
    __rt_exit_prels_1                        0x000082ed   Thumb Code     0  rtexit2.o(.ARM.Collect$$rtexit$$00000002)
    __rt_exit_exit                           0x000082f1   Thumb Code     0  rtexit2.o(.ARM.Collect$$rtexit$$00000004)
    __ARM_argv_veneer                        0x000082f9   Thumb Code     4  argv_veneer.o(.emb_text)
    Reset_Handler                            0x000082fd   Thumb Code     8  startup_tm4c123.o(.text)
    NMI_Handler                              0x00008305   Thumb Code     2  startup_tm4c123.o(.text)
    HardFault_Handler                        0x00008307   Thumb Code     2  startup_tm4c123.o(.text)
    MemManage_Handler                        0x00008309   Thumb Code     2  startup_tm4c123.o(.text)
    BusFault_Handler                         0x0000830b   Thumb Code     2  startup_tm4c123.o(.text)
    UsageFault_Handler                       0x0000830d   Thumb Code     2  startup_tm4c123.o(.text)
    SVC_Handler                              0x0000830f   Thumb Code     2  startup_tm4c123.o(.text)
    DebugMon_Handler                         0x00008311   Thumb Code     2  startup_tm4c123.o(.text)
    PendSV_Handler                           0x00008313   Thumb Code     2  startup_tm4c123.o(.text)
    SysTick_Handler                          0x00008315   Thumb Code     2  startup_tm4c123.o(.text)
    GPIOA_Handler                            0x00008317   Thumb Code     2  startup_tm4c123.o(.text)
    GPIOB_Handler                            0x00008319   Thumb Code     2  startup_tm4c123.o(.text)
    GPIOC_Handler                            0x0000831b   Thumb Code     2  startup_tm4c123.o(.text)
    GPIOD_Handler                            0x0000831d   Thumb Code     2  startup_tm4c123.o(.text)
    GPIOE_Handler                            0x0000831f   Thumb Code     2  startup_tm4c123.o(.text)
    UART0_Handler                            0x00008321   Thumb Code     2  startup_tm4c123.o(.text)
    UART1_Handler                            0x00008323   Thumb Code     2  startup_tm4c123.o(.text)
    SSI0_Handler                             0x00008325   Thumb Code     2  startup_tm4c123.o(.text)
    I2C0_Handler                             0x00008327   Thumb Code     2  startup_tm4c123.o(.text)
    PMW0_FAULT_Handler                       0x00008329   Thumb Code     2  startup_tm4c123.o(.text)
    PWM0_0_Handler                           0x0000832b   Thumb Code     2  startup_tm4c123.o(.text)
    PWM0_1_Handler                           0x0000832d   Thumb Code     2  startup_tm4c123.o(.text)
    PWM0_2_Handler                           0x0000832f   Thumb Code     2  startup_tm4c123.o(.text)
    QEI0_Handler                             0x00008331   Thumb Code     2  startup_tm4c123.o(.text)
    ADC0SS0_Handler                          0x00008333   Thumb Code     2  startup_tm4c123.o(.text)
    ADC0SS1_Handler                          0x00008335   Thumb Code     2  startup_tm4c123.o(.text)
    ADC0SS2_Handler                          0x00008337   Thumb Code     2  startup_tm4c123.o(.text)
    ADC0SS3_Handler                          0x00008339   Thumb Code     2  startup_tm4c123.o(.text)
    WDT0_Handler                             0x0000833b   Thumb Code     2  startup_tm4c123.o(.text)
    TIMER0A_Handler                          0x0000833d   Thumb Code     2  startup_tm4c123.o(.text)
    TIMER0B_Handler                          0x0000833f   Thumb Code     2  startup_tm4c123.o(.text)
    TIMER1A_Handler                          0x00008341   Thumb Code     2  startup_tm4c123.o(.text)
    TIMER1B_Handler                          0x00008343   Thumb Code     2  startup_tm4c123.o(.text)
    TIMER2A_Handler                          0x00008345   Thumb Code     2  startup_tm4c123.o(.text)
    TIMER2B_Handler                          0x00008347   Thumb Code     2  startup_tm4c123.o(.text)
    COMP0_Handler                            0x00008349   Thumb Code     2  startup_tm4c123.o(.text)
    COMP1_Handler                            0x0000834b   Thumb Code     2  startup_tm4c123.o(.text)
    COMP2_Handler                            0x0000834d   Thumb Code     2  startup_tm4c123.o(.text)
    SYSCTL_Handler                           0x0000834f   Thumb Code     2  startup_tm4c123.o(.text)
    FLASH_Handler                            0x00008351   Thumb Code     2  startup_tm4c123.o(.text)
    GPIOF_Handler                            0x00008353   Thumb Code     2  startup_tm4c123.o(.text)
    GPIOG_Handler                            0x00008355   Thumb Code     2  startup_tm4c123.o(.text)
    GPIOH_Handler                            0x00008357   Thumb Code     2  startup_tm4c123.o(.text)
    UART2_Handler                            0x00008359   Thumb Code     2  startup_tm4c123.o(.text)
    SSI1_Handler                             0x0000835b   Thumb Code     2  startup_tm4c123.o(.text)
    TIMER3A_Handler                          0x0000835d   Thumb Code     2  startup_tm4c123.o(.text)
    TIMER3B_Handler                          0x0000835f   Thumb Code     2  startup_tm4c123.o(.text)
    I2C1_Handler                             0x00008361   Thumb Code     2  startup_tm4c123.o(.text)
    QEI1_Handler                             0x00008363   Thumb Code     2  startup_tm4c123.o(.text)
    CAN0_Handler                             0x00008365   Thumb Code     2  startup_tm4c123.o(.text)
    CAN1_Handler                             0x00008367   Thumb Code     2  startup_tm4c123.o(.text)
    CAN2_Handler                             0x00008369   Thumb Code     2  startup_tm4c123.o(.text)
    HIB_Handler                              0x0000836b   Thumb Code     2  startup_tm4c123.o(.text)
    USB0_Handler                             0x0000836d   Thumb Code     2  startup_tm4c123.o(.text)
    PWM0_3_Handler                           0x0000836f   Thumb Code     2  startup_tm4c123.o(.text)
    UDMA_Handler                             0x00008371   Thumb Code     2  startup_tm4c123.o(.text)
    UDMAERR_Handler                          0x00008373   Thumb Code     2  startup_tm4c123.o(.text)
    ADC1SS0_Handler                          0x00008375   Thumb Code     2  startup_tm4c123.o(.text)
    ADC1SS1_Handler                          0x00008377   Thumb Code     2  startup_tm4c123.o(.text)
    ADC1SS2_Handler                          0x00008379   Thumb Code     2  startup_tm4c123.o(.text)
    ADC1SS3_Handler                          0x0000837b   Thumb Code     2  startup_tm4c123.o(.text)
    GPIOJ_Handler                            0x0000837d   Thumb Code     2  startup_tm4c123.o(.text)
    GPIOK_Handler                            0x0000837f   Thumb Code     2  startup_tm4c123.o(.text)
    GPIOL_Handler                            0x00008381   Thumb Code     2  startup_tm4c123.o(.text)
    SSI2_Handler                             0x00008383   Thumb Code     2  startup_tm4c123.o(.text)
    SSI3_Handler                             0x00008385   Thumb Code     2  startup_tm4c123.o(.text)
    UART3_Handler                            0x00008387   Thumb Code     2  startup_tm4c123.o(.text)
    UART4_Handler                            0x00008389   Thumb Code     2  startup_tm4c123.o(.text)
    UART5_Handler                            0x0000838b   Thumb Code     2  startup_tm4c123.o(.text)
    UART6_Handler                            0x0000838d   Thumb Code     2  startup_tm4c123.o(.text)
    UART7_Handler                            0x0000838f   Thumb Code     2  startup_tm4c123.o(.text)
    I2C2_Handler                             0x00008391   Thumb Code     2  startup_tm4c123.o(.text)
    I2C3_Handler                             0x00008393   Thumb Code     2  startup_tm4c123.o(.text)
    TIMER4A_Handler                          0x00008395   Thumb Code     2  startup_tm4c123.o(.text)
    TIMER4B_Handler                          0x00008397   Thumb Code     2  startup_tm4c123.o(.text)
    TIMER5A_Handler                          0x00008399   Thumb Code     2  startup_tm4c123.o(.text)
    TIMER5B_Handler                          0x0000839b   Thumb Code     2  startup_tm4c123.o(.text)
    WTIMER0A_Handler                         0x0000839d   Thumb Code     2  startup_tm4c123.o(.text)
    WTIMER0B_Handler                         0x0000839f   Thumb Code     2  startup_tm4c123.o(.text)
    WTIMER1A_Handler                         0x000083a1   Thumb Code     2  startup_tm4c123.o(.text)
    WTIMER1B_Handler                         0x000083a3   Thumb Code     2  startup_tm4c123.o(.text)
    WTIMER2A_Handler                         0x000083a5   Thumb Code     2  startup_tm4c123.o(.text)
    WTIMER2B_Handler                         0x000083a7   Thumb Code     2  startup_tm4c123.o(.text)
    WTIMER3A_Handler                         0x000083a9   Thumb Code     2  startup_tm4c123.o(.text)
    WTIMER3B_Handler                         0x000083ab   Thumb Code     2  startup_tm4c123.o(.text)
    WTIMER4A_Handler                         0x000083ad   Thumb Code     2  startup_tm4c123.o(.text)
    WTIMER4B_Handler                         0x000083af   Thumb Code     2  startup_tm4c123.o(.text)
    WTIMER5A_Handler                         0x000083b1   Thumb Code     2  startup_tm4c123.o(.text)
    WTIMER5B_Handler                         0x000083b3   Thumb Code     2  startup_tm4c123.o(.text)
    FPU_Handler                              0x000083b5   Thumb Code     2  startup_tm4c123.o(.text)
    I2C4_Handler                             0x000083b7   Thumb Code     2  startup_tm4c123.o(.text)
    I2C5_Handler                             0x000083b9   Thumb Code     2  startup_tm4c123.o(.text)
    GPIOM_Handler                            0x000083bb   Thumb Code     2  startup_tm4c123.o(.text)
    GPION_Handler                            0x000083bd   Thumb Code     2  startup_tm4c123.o(.text)
    QEI2_Handler                             0x000083bf   Thumb Code     2  startup_tm4c123.o(.text)
    GPIOP0_Handler                           0x000083c1   Thumb Code     2  startup_tm4c123.o(.text)
    GPIOP1_Handler                           0x000083c3   Thumb Code     2  startup_tm4c123.o(.text)
    GPIOP2_Handler                           0x000083c5   Thumb Code     2  startup_tm4c123.o(.text)
    GPIOP3_Handler                           0x000083c7   Thumb Code     2  startup_tm4c123.o(.text)
    GPIOP4_Handler                           0x000083c9   Thumb Code     2  startup_tm4c123.o(.text)
    GPIOP5_Handler                           0x000083cb   Thumb Code     2  startup_tm4c123.o(.text)
    GPIOP6_Handler                           0x000083cd   Thumb Code     2  startup_tm4c123.o(.text)
    GPIOP7_Handler                           0x000083cf   Thumb Code     2  startup_tm4c123.o(.text)
    GPIOQ0_Handler                           0x000083d1   Thumb Code     2  startup_tm4c123.o(.text)
    GPIOQ1_Handler                           0x000083d3   Thumb Code     2  startup_tm4c123.o(.text)
    GPIOQ2_Handler                           0x000083d5   Thumb Code     2  startup_tm4c123.o(.text)
    GPIOQ3_Handler                           0x000083d7   Thumb Code     2  startup_tm4c123.o(.text)
    GPIOQ4_Handler                           0x000083d9   Thumb Code     2  startup_tm4c123.o(.text)
    GPIOQ5_Handler                           0x000083db   Thumb Code     2  startup_tm4c123.o(.text)
    GPIOQ6_Handler                           0x000083dd   Thumb Code     2  startup_tm4c123.o(.text)
    GPIOQ7_Handler                           0x000083df   Thumb Code     2  startup_tm4c123.o(.text)
    GPIOR_Handler                            0x000083e1   Thumb Code     2  startup_tm4c123.o(.text)
    GPIOS_Handler                            0x000083e3   Thumb Code     2  startup_tm4c123.o(.text)
    PMW1_0_Handler                           0x000083e5   Thumb Code     2  startup_tm4c123.o(.text)
    PWM1_1_Handler                           0x000083e7   Thumb Code     2  startup_tm4c123.o(.text)
    PWM1_2_Handler                           0x000083e9   Thumb Code     2  startup_tm4c123.o(.text)
    PWM1_3_Handler                           0x000083eb   Thumb Code     2  startup_tm4c123.o(.text)
    PWM1_FAULT_Handler                       0x000083ed   Thumb Code     2  startup_tm4c123.o(.text)
    __user_initial_stackheap                 0x000083f1   Thumb Code     0  startup_tm4c123.o(.text)
    __use_two_region_memory                  0x00008411   Thumb Code     2  heapauxi.o(.text)
    __rt_heap_escrow$2region                 0x00008413   Thumb Code     2  heapauxi.o(.text)
    __rt_heap_expand$2region                 0x00008415   Thumb Code     2  heapauxi.o(.text)
    __user_setup_stackheap                   0x00008417   Thumb Code    74  sys_stackheap_outer.o(.text)
    exit                                     0x00008461   Thumb Code    18  exit.o(.text)
    __user_libspace                          0x00008475   Thumb Code     8  libspace.o(.text)
    __user_perproc_libspace                  0x00008475   Thumb Code     0  libspace.o(.text)
    __user_perthread_libspace                0x00008475   Thumb Code     0  libspace.o(.text)
    _sys_exit                                0x0000847d   Thumb Code     8  sys_exit.o(.text)
    __argv_alloc                             0x00008489   Thumb Code    34  _get_argv_nomalloc.o(.text)
    __ARM_get_argv                           0x000084ab   Thumb Code   268  _get_argv_nomalloc.o(.text)
    _sys_command_string                      0x000085b7   Thumb Code    24  sys_command.o(.text)
    __I$use$semihosting                      0x000085cf   Thumb Code     0  use_no_semi.o(.text)
    __use_no_semihosting_swi                 0x000085cf   Thumb Code     2  use_no_semi.o(.text)
    __semihosting_library_function           0x000085d1   Thumb Code     0  indicate_semi.o(.text)
    __use_no_heap_region                     0x000085d1   Thumb Code     2  hrguard.o(.text)
    __heap_region$guard                      0x000085d3   Thumb Code     2  hrguard.o(.text)
    __rt_SIGRTMEM                            0x000085d5   Thumb Code    14  defsig_rtmem_outer.o(.text)
    __sig_exit                               0x000085e3   Thumb Code    10  defsig_exit.o(.text)
    __rt_SIGRTMEM_inner                      0x000085ed   Thumb Code    22  defsig_rtmem_inner.o(.text)
    __default_signal_display                 0x0000863d   Thumb Code    50  defsig_general.o(.text)
    _ttywrch                                 0x0000866f   Thumb Code    14  sys_wrch.o(.text)
    SystemInit                               0x0000867d   Thumb Code   268  system_tm4c123.o(.text.SystemInit)
    delay                                    0x00008789   Thumb Code    36  bsp.o(.text.delay)
    gpiox_clock_ahb_enable                   0x000087ad   Thumb Code    48  bsp.o(.text.gpiox_clock_ahb_enable)
    main                                     0x000087dd   Thumb Code   268  main.o(.text.main)
    _fp_init                                 0x000088e9   Thumb Code    26  fpinit.o(x$fpl$fpinit)
    __fplib_config_fpu_vfp                   0x00008901   Thumb Code     0  fpinit.o(x$fpl$fpinit)
    __fplib_config_pureend_doubles           0x00008901   Thumb Code     0  fpinit.o(x$fpl$fpinit)
    Region$$Table$$Base                      0x00008904   Number         0  anon$$obj.o(Region$$Table)
    Region$$Table$$Limit                     0x00008914   Number         0  anon$$obj.o(Region$$Table)
    __libspace_start                         0x00008918   Data          96  libspace.o(.bss)
    __temporary_stack_top$libspace           0x00008978   Data           0  libspace.o(.bss)



==============================================================================

Memory Map of the image

  Image Entry point : 0x000082fd

  Load Region LR_1 (Base: 0x00008000, Size: 0x00000914, Max: 0xffffffff, ABSOLUTE)

    Execution Region ER_RO (Exec base: 0x00008000, Load base: 0x00008000, Size: 0x00000914, Max: 0xffffffff, ABSOLUTE)

    Exec Addr    Load Addr    Size         Type   Attr      Idx    E Section Name        Object

    0x00008000   0x00008000   0x0000026c   Data   RO           22    RESET               startup_tm4c123.o
    0x0000826c   0x0000826c   0x00000008   Code   RO           47  * !!!main             c_w.l(__main.o)
    0x00008274   0x00008274   0x00000034   Code   RO          210    !!!scatter          c_w.l(__scatter.o)
    0x000082a8   0x000082a8   0x0000001c   Code   RO          212    !!handler_zi        c_w.l(__scatter_zi.o)
    0x000082c4   0x000082c4   0x00000002   Code   RO           74    .ARM.Collect$$libinit$$00000000  c_w.l(libinit.o)
    0x000082c6   0x000082c6   0x00000004   Code   RO           80    .ARM.Collect$$libinit$$00000001  c_w.l(libinit2.o)
    0x000082ca   0x000082ca   0x00000000   Code   RO           83    .ARM.Collect$$libinit$$00000004  c_w.l(libinit2.o)
    0x000082ca   0x000082ca   0x00000000   Code   RO           86    .ARM.Collect$$libinit$$0000000A  c_w.l(libinit2.o)
    0x000082ca   0x000082ca   0x00000000   Code   RO           88    .ARM.Collect$$libinit$$0000000C  c_w.l(libinit2.o)
    0x000082ca   0x000082ca   0x00000000   Code   RO           90    .ARM.Collect$$libinit$$0000000E  c_w.l(libinit2.o)
    0x000082ca   0x000082ca   0x00000000   Code   RO           93    .ARM.Collect$$libinit$$00000011  c_w.l(libinit2.o)
    0x000082ca   0x000082ca   0x00000000   Code   RO           95    .ARM.Collect$$libinit$$00000013  c_w.l(libinit2.o)
    0x000082ca   0x000082ca   0x00000000   Code   RO           97    .ARM.Collect$$libinit$$00000015  c_w.l(libinit2.o)
    0x000082ca   0x000082ca   0x00000000   Code   RO           99    .ARM.Collect$$libinit$$00000017  c_w.l(libinit2.o)
    0x000082ca   0x000082ca   0x00000000   Code   RO          101    .ARM.Collect$$libinit$$00000019  c_w.l(libinit2.o)
    0x000082ca   0x000082ca   0x00000000   Code   RO          103    .ARM.Collect$$libinit$$0000001B  c_w.l(libinit2.o)
    0x000082ca   0x000082ca   0x00000000   Code   RO          105    .ARM.Collect$$libinit$$0000001D  c_w.l(libinit2.o)
    0x000082ca   0x000082ca   0x00000000   Code   RO          107    .ARM.Collect$$libinit$$0000001F  c_w.l(libinit2.o)
    0x000082ca   0x000082ca   0x00000000   Code   RO          109    .ARM.Collect$$libinit$$00000021  c_w.l(libinit2.o)
    0x000082ca   0x000082ca   0x00000000   Code   RO          111    .ARM.Collect$$libinit$$00000023  c_w.l(libinit2.o)
    0x000082ca   0x000082ca   0x00000000   Code   RO          113    .ARM.Collect$$libinit$$00000025  c_w.l(libinit2.o)
    0x000082ca   0x000082ca   0x00000008   Code   RO          115    .ARM.Collect$$libinit$$00000027  c_w.l(libinit2.o)
    0x000082d2   0x000082d2   0x00000000   Code   RO          119    .ARM.Collect$$libinit$$0000002E  c_w.l(libinit2.o)
    0x000082d2   0x000082d2   0x00000000   Code   RO          121    .ARM.Collect$$libinit$$00000030  c_w.l(libinit2.o)
    0x000082d2   0x000082d2   0x00000000   Code   RO          123    .ARM.Collect$$libinit$$00000032  c_w.l(libinit2.o)
    0x000082d2   0x000082d2   0x00000002   Code   RO          124    .ARM.Collect$$libinit$$00000033  c_w.l(libinit2.o)
    0x000082d4   0x000082d4   0x00000002   Code   RO          146    .ARM.Collect$$libshutdown$$00000000  c_w.l(libshutdown.o)
    0x000082d6   0x000082d6   0x00000000   Code   RO          161    .ARM.Collect$$libshutdown$$00000002  c_w.l(libshutdown2.o)
    0x000082d6   0x000082d6   0x00000000   Code   RO          163    .ARM.Collect$$libshutdown$$00000004  c_w.l(libshutdown2.o)
    0x000082d6   0x000082d6   0x00000000   Code   RO          166    .ARM.Collect$$libshutdown$$00000007  c_w.l(libshutdown2.o)
    0x000082d6   0x000082d6   0x00000000   Code   RO          169    .ARM.Collect$$libshutdown$$0000000A  c_w.l(libshutdown2.o)
    0x000082d6   0x000082d6   0x00000000   Code   RO          171    .ARM.Collect$$libshutdown$$0000000C  c_w.l(libshutdown2.o)
    0x000082d6   0x000082d6   0x00000000   Code   RO          174    .ARM.Collect$$libshutdown$$0000000F  c_w.l(libshutdown2.o)
    0x000082d6   0x000082d6   0x00000002   Code   RO          175    .ARM.Collect$$libshutdown$$00000010  c_w.l(libshutdown2.o)
    0x000082d8   0x000082d8   0x00000000   Code   RO           49    .ARM.Collect$$rtentry$$00000000  c_w.l(__rtentry.o)
    0x000082d8   0x000082d8   0x00000000   Code   RO           51    .ARM.Collect$$rtentry$$00000002  c_w.l(__rtentry2.o)
    0x000082d8   0x000082d8   0x00000006   Code   RO           63    .ARM.Collect$$rtentry$$00000004  c_w.l(__rtentry4.o)
    0x000082de   0x000082de   0x00000000   Code   RO           53    .ARM.Collect$$rtentry$$00000009  c_w.l(__rtentry2.o)
    0x000082de   0x000082de   0x00000004   Code   RO           54    .ARM.Collect$$rtentry$$0000000A  c_w.l(__rtentry2.o)
    0x000082e2   0x000082e2   0x00000000   Code   RO           56    .ARM.Collect$$rtentry$$0000000C  c_w.l(__rtentry2.o)
    0x000082e2   0x000082e2   0x00000008   Code   RO           57    .ARM.Collect$$rtentry$$0000000D  c_w.l(__rtentry2.o)
    0x000082ea   0x000082ea   0x00000002   Code   RO           78    .ARM.Collect$$rtexit$$00000000  c_w.l(rtexit.o)
    0x000082ec   0x000082ec   0x00000000   Code   RO          126    .ARM.Collect$$rtexit$$00000002  c_w.l(rtexit2.o)
    0x000082ec   0x000082ec   0x00000004   Code   RO          127    .ARM.Collect$$rtexit$$00000003  c_w.l(rtexit2.o)
    0x000082f0   0x000082f0   0x00000006   Code   RO          128    .ARM.Collect$$rtexit$$00000004  c_w.l(rtexit2.o)
    0x000082f6   0x000082f6   0x00000002   PAD
    0x000082f8   0x000082f8   0x00000004   Code   RO          132    .emb_text           c_w.l(argv_veneer.o)
    0x000082fc   0x000082fc   0x00000114   Code   RO           23  * .text               startup_tm4c123.o
    0x00008410   0x00008410   0x00000006   Code   RO           45    .text               c_w.l(heapauxi.o)
    0x00008416   0x00008416   0x0000004a   Code   RO           65    .text               c_w.l(sys_stackheap_outer.o)
    0x00008460   0x00008460   0x00000012   Code   RO           67    .text               c_w.l(exit.o)
    0x00008472   0x00008472   0x00000002   PAD
    0x00008474   0x00008474   0x00000008   Code   RO           75    .text               c_w.l(libspace.o)
    0x0000847c   0x0000847c   0x0000000c   Code   RO          136    .text               c_w.l(sys_exit.o)
    0x00008488   0x00008488   0x0000012e   Code   RO          142    .text               c_w.l(_get_argv_nomalloc.o)
    0x000085b6   0x000085b6   0x00000018   Code   RO          147    .text               c_w.l(sys_command.o)
    0x000085ce   0x000085ce   0x00000002   Code   RO          151    .text               c_w.l(use_no_semi.o)
    0x000085d0   0x000085d0   0x00000000   Code   RO          153    .text               c_w.l(indicate_semi.o)
    0x000085d0   0x000085d0   0x00000004   Code   RO          154    .text               c_w.l(hrguard.o)
    0x000085d4   0x000085d4   0x0000000e   Code   RO          156    .text               c_w.l(defsig_rtmem_outer.o)
    0x000085e2   0x000085e2   0x0000000a   Code   RO          178    .text               c_w.l(defsig_exit.o)
    0x000085ec   0x000085ec   0x00000050   Code   RO          180    .text               c_w.l(defsig_rtmem_inner.o)
    0x0000863c   0x0000863c   0x00000032   Code   RO          184    .text               c_w.l(defsig_general.o)
    0x0000866e   0x0000866e   0x0000000e   Code   RO          186    .text               c_w.l(sys_wrch.o)
    0x0000867c   0x0000867c   0x0000010c   Code   RO           34    .text.SystemInit    system_tm4c123.o
    0x00008788   0x00008788   0x00000024   Code   RO           10    .text.delay         bsp.o
    0x000087ac   0x000087ac   0x00000030   Code   RO           12    .text.gpiox_clock_ahb_enable  bsp.o
    0x000087dc   0x000087dc   0x0000010c   Code   RO            2    .text.main          main.o
    0x000088e8   0x000088e8   0x0000001a   Code   RO          134    x$fpl$fpinit        fz_wm.l(fpinit.o)
    0x00008902   0x00008902   0x00000002   PAD
    0x00008904   0x00008904   0x00000010   Data   RO          209    Region$$Table       anon$$obj.o


    Execution Region ER_RW (Exec base: 0x00008914, Load base: 0x00008914, Size: 0x00000000, Max: 0xffffffff, ABSOLUTE)

    **** No section assigned to this execution region ****


    Execution Region ER_ZI (Exec base: 0x00008918, Load base: 0x00008914, Size: 0x00000260, Max: 0xffffffff, ABSOLUTE)

    Exec Addr    Load Addr    Size         Type   Attr      Idx    E Section Name        Object

    0x00008918        -       0x00000060   Zero   RW           76    .bss                c_w.l(libspace.o)
    0x00008978        -       0x00000000   Zero   RW           21    HEAP                startup_tm4c123.o
    0x00008978        -       0x00000200   Zero   RW           20    STACK               startup_tm4c123.o


==============================================================================

Image component sizes


      Code (inc. data)   RO Data    RW Data    ZI Data      Debug   Object Name

        84          0          0          0          0       5086   bsp.o
       268          0          0          0          0       1387   main.o
       276         24        620          0        512       5472   startup_tm4c123.o
       268          0          0          0          0       6736   system_tm4c123.o

    ----------------------------------------------------------------------
       896         24        636          0        512      18681   Object Totals
         0          0         16          0          0          0   (incl. Generated)
         0          0          0          0          0          0   (incl. Padding)

    ----------------------------------------------------------------------

      Code (inc. data)   RO Data    RW Data    ZI Data      Debug   Library Member Name

         8          0          0          0          0         68   __main.o
         0          0          0          0          0          0   __rtentry.o
        12          0          0          0          0          0   __rtentry2.o
         6          0          0          0          0          0   __rtentry4.o
        52          8          0          0          0          0   __scatter.o
        28          0          0          0          0          0   __scatter_zi.o
       302          0          0          0          0        168   _get_argv_nomalloc.o
         4          0          0          0          0         68   argv_veneer.o
        10          0          0          0          0         68   defsig_exit.o
        50          0          0          0          0         88   defsig_general.o
        80         58          0          0          0         76   defsig_rtmem_inner.o
        14          0          0          0          0         80   defsig_rtmem_outer.o
        18          0          0          0          0         80   exit.o
         6          0          0          0          0        152   heapauxi.o
         4          0          0          0          0        136   hrguard.o
         0          0          0          0          0          0   indicate_semi.o
         2          0          0          0          0          0   libinit.o
        14          0          0          0          0          0   libinit2.o
         2          0          0          0          0          0   libshutdown.o
         2          0          0          0          0          0   libshutdown2.o
         8          4          0          0         96         68   libspace.o
         2          0          0          0          0          0   rtexit.o
        10          0          0          0          0          0   rtexit2.o
        24          0          0          0          0         76   sys_command.o
        12          4          0          0          0         68   sys_exit.o
        74          0          0          0          0         80   sys_stackheap_outer.o
        14          0          0          0          0         76   sys_wrch.o
         2          0          0          0          0         68   use_no_semi.o
        26          0          0          0          0        116   fpinit.o

    ----------------------------------------------------------------------
       792         74          0          0         96       1536   Library Totals
         6          0          0          0          0          0   (incl. Padding)

    ----------------------------------------------------------------------

      Code (inc. data)   RO Data    RW Data    ZI Data      Debug   Library Name

       760         74          0          0         96       1420   c_w.l
        26          0          0          0          0        116   fz_wm.l

    ----------------------------------------------------------------------
       792         74          0          0         96       1536   Library Totals

    ----------------------------------------------------------------------

==============================================================================


      Code (inc. data)   RO Data    RW Data    ZI Data      Debug   

      1688         98        636          0        608      19441   Grand Totals
      1688         98        636          0        608      19441   ELF Image Totals
      1688         98        636          0          0          0   ROM Totals

==============================================================================

    Total RO  Size (Code + RO Data)                 2324 (   2.27kB)
    Total RW  Size (RW Data + ZI Data)               608 (   0.59kB)
    Total ROM Size (Code + RO Data + RW Data)       2324 (   2.27kB)

==============================================================================

